// Jest Snapshot v1, https://goo.gl/fbAQLP

exports[`GET renders learn react link 1`] = `
<input
  placeholder="input value.."
  type="text"
/>
`;

exports[`REACT GET 1`] = `
<input
  placeholder="input value.."
  type="text"
/>
`;

exports[`TEST APP renders learn react link 1`] = `
<input
  placeholder="input value.."
  type="text"
/>
`;

exports[`renders learn react link 1`] = `
<input
  placeholder="input value.."
  type="text"
/>
`;
